// Jest Snapshot v1, https://goo.gl/fbAQLP

exports[`render 1`] = `
<header
  className=""
>
  <div
    className=""
  >
    <h1>
      <a
        className=""
        href="/"
      >
        Title
      </a>
    </h1>
  </div>
</header>
`;
